Schedular.c:51:6:BubbleSort_SchedularTable	24	static
Schedular.c:78:6:MYRTOS_Update_SchedulerTable	24	static
Schedular.c:143:6:Decide_WhatNextTask	8	static
Schedular.c:168:6:OS_SVC_Services	24	static
Schedular.c:234:28:PendSV_Handler	0	static,ignoring_inline_asm
Schedular.c:308:6:MYRTOS_Create_MainStack	4	static
Schedular.c:318:6:MyRTOS_Idle_Task	4	static,ignoring_inline_asm
Schedular.c:329:16:MYRTOS_Init	16	static
Schedular.c:358:6:MYRTOS_Create_Stack	24	static
Schedular.c:396:16:MYRTOS_Create_Task	24	static
Schedular.c:435:6:MYRTOS_OS_SVC_Set	16	static,ignoring_inline_asm
Schedular.c:465:16:MYRTOS_Activate_Task	24	static
Schedular.c:482:16:MYRTOS_Terminate_Task	24	static
Schedular.c:494:6:MYRTOS_Update_Tasks_WaitingTime	16	static
Schedular.c:521:16:MYRTOS_Task_Wait	24	static
Schedular.c:544:16:MYRTOS_AcquireMutex	32	static
Schedular.c:610:16:MYRTOS_ReleaseMutex	24	static
Schedular.c:645:6:MYRTOS_START_OS	8	static,ignoring_inline_asm
